Unable to find image 'centos:7' locally
7: Pulling from library/centos
2d473b07cdd5: Pulling fs layer
2d473b07cdd5: Verifying Checksum
2d473b07cdd5: Download complete
2d473b07cdd5: Pull complete
Digest: sha256:be65f488b7764ad3638f236b7b515b3678369a5124c47b8d32916d6487418ea4
Status: Downloaded newer image for centos:7
Delta RPMs disabled because /usr/bin/applydeltarpm not installed.
warning: /var/cache/yum/x86_64/7/base/packages/alsa-lib-1.1.8-1.el7.x86_64.rpm: Header V3 RSA/SHA256 Signature, key ID f4a80eb5: NOKEY
Public key for alsa-lib-1.1.8-1.el7.x86_64.rpm is not installed
Public key for glibc-common-2.17-326.el7_9.3.x86_64.rpm is not installed
Importing GPG key 0xF4A80EB5:
 Userid     : "CentOS-7 Key (CentOS 7 Official Signing Key) <security@centos.org>"
 Fingerprint: 6341 ab27 53d7 8a78 a7c2 7bb1 24c6 a8a7 f4a8 0eb5
 Package    : centos-release-7-9.2009.0.el7.centos.x86_64 (@CentOS)
 From       : /etc/pki/rpm-gpg/RPM-GPG-KEY-CentOS-7
ldd (GNU libc) 2.17
go version go1.21.13 linux/amd64
# github.com/hajimehoshi/ebiten/v2/internal/cglfw
In file included from /gopath/pkg/mod/github.com/hajimehoshi/ebiten/v2@v2.6.6/internal/cglfw/native_linbsd.go:14:0:
./glfw3native.h:119:22: fatal error: GL/glx.h: No such file or directory
   #include <GL/glx.h>
                      ^
compilation terminated.
