Unable to find image 'ubuntu:14.04' locally
14.04: Pulling from library/ubuntu
2e6e20c8e2e6: Pulling fs layer
0551a797c01d: Pulling fs layer
512123a864da: Pulling fs layer
512123a864da: Verifying Checksum
512123a864da: Download complete
0551a797c01d: Verifying Checksum
0551a797c01d: Download complete
2e6e20c8e2e6: Verifying Checksum
2e6e20c8e2e6: Download complete
2e6e20c8e2e6: Pull complete
0551a797c01d: Pull complete
512123a864da: Pull complete
Digest: sha256:64483f3496c1373bfd55348e88694d1c4d0c9b660dee6bfef5e12f43b9933b30
Status: Downloaded newer image for ubuntu:14.04
Extracting templates from packages: 15%Extracting templates from packages: 31%Extracting templates from packages: 47%Extracting templates from packages: 63%Extracting templates from packages: 78%Extracting templates from packages: 94%Extracting templates from packages: 100%
Preconfiguring packages ...
Selecting previously unselected package libglib2.0-0:amd64.
(Reading database ... 12097 files and directories currently installed.)
Preparing to unpack .../libglib2.0-0_2.40.2-0ubuntu1.1_amd64.deb ...
Unpacking libglib2.0-0:amd64 (2.40.2-0ubuntu1.1) ...
Selecting previously unselected package libxau6:amd64.
Preparing to unpack .../libxau6_1%3a1.0.8-1_amd64.deb ...
Unpacking libxau6:amd64 (1:1.0.8-1) ...
Selecting previously unselected package libxdmcp6:amd64.
Preparing to unpack .../libxdmcp6_1%3a1.1.1-1_amd64.deb ...
Unpacking libxdmcp6:amd64 (1:1.1.1-1) ...
Selecting previously unselected package libxcb1:amd64.
Preparing to unpack .../libxcb1_1.10-2ubuntu1_amd64.deb ...
Unpacking libxcb1:amd64 (1.10-2ubuntu1) ...
Selecting previously unselected package libx11-data.
Preparing to unpack .../libx11-data_2%3a1.6.2-1ubuntu2.1_all.deb ...
Unpacking libx11-data (2:1.6.2-1ubuntu2.1) ...
Selecting previously unselected package libx11-6:amd64.
Preparing to unpack .../libx11-6_2%3a1.6.2-1ubuntu2.1_amd64.deb ...
Unpacking libx11-6:amd64 (2:1.6.2-1ubuntu2.1) ...
Selecting previously unselected package libxext6:amd64.
Preparing to unpack .../libxext6_2%3a1.3.2-1ubuntu0.0.14.04.1_amd64.deb ...
Unpacking libxext6:amd64 (2:1.3.2-1ubuntu0.0.14.04.1) ...
Selecting previously unselected package libxmuu1:amd64.
Preparing to unpack .../libxmuu1_2%3a1.1.1-1_amd64.deb ...
Unpacking libxmuu1:amd64 (2:1.1.1-1) ...
Selecting previously unselected package libasan0:amd64.
Preparing to unpack .../libasan0_4.8.4-2ubuntu1~14.04.4_amd64.deb ...
Unpacking libasan0:amd64 (4.8.4-2ubuntu1~14.04.4) ...
Selecting previously unselected package libasound2-data.
Preparing to unpack .../libasound2-data_1.0.27.2-3ubuntu7_all.deb ...
Unpacking libasound2-data (1.0.27.2-3ubuntu7) ...
Selecting previously unselected package libasound2:amd64.
Preparing to unpack .../libasound2_1.0.27.2-3ubuntu7_amd64.deb ...
Unpacking libasound2:amd64 (1.0.27.2-3ubuntu7) ...
Selecting previously unselected package libatomic1:amd64.
Preparing to unpack .../libatomic1_4.8.4-2ubuntu1~14.04.4_amd64.deb ...
Unpacking libatomic1:amd64 (4.8.4-2ubuntu1~14.04.4) ...
Selecting previously unselected package libboost-system1.54.0:amd64.
Preparing to unpack .../libboost-system1.54.0_1.54.0-4ubuntu3.1_amd64.deb ...
Unpacking libboost-system1.54.0:amd64 (1.54.0-4ubuntu3.1) ...
Selecting previously unselected package libgmp10:amd64.
Preparing to unpack .../libgmp10_2%3a5.1.3+dfsg-1ubuntu1_amd64.deb ...
Unpacking libgmp10:amd64 (2:5.1.3+dfsg-1ubuntu1) ...
Selecting previously unselected package libisl10:amd64.
Preparing to unpack .../libisl10_0.12.2-1_amd64.deb ...
Unpacking libisl10:amd64 (0.12.2-1) ...
Selecting previously unselected package libcloog-isl4:amd64.
Preparing to unpack .../libcloog-isl4_0.18.2-1_amd64.deb ...
Unpacking libcloog-isl4:amd64 (0.18.2-1) ...
Selecting previously unselected package libdmx1:amd64.
Preparing to unpack .../libdmx1_1%3a1.1.3-1_amd64.deb ...
Unpacking libdmx1:amd64 (1:1.1.3-1) ...
Selecting previously unselected package libdrm-amdgpu1:amd64.
Preparing to unpack .../libdrm-amdgpu1_2.4.67-1ubuntu0.14.04.2_amd64.deb ...
Unpacking libdrm-amdgpu1:amd64 (2.4.67-1ubuntu0.14.04.2) ...
Selecting previously unselected package libpciaccess0:amd64.
Preparing to unpack .../libpciaccess0_0.13.2-1_amd64.deb ...
Unpacking libpciaccess0:amd64 (0.13.2-1) ...
Selecting previously unselected package libdrm-intel1:amd64.
Preparing to unpack .../libdrm-intel1_2.4.67-1ubuntu0.14.04.2_amd64.deb ...
Unpacking libdrm-intel1:amd64 (2.4.67-1ubuntu0.14.04.2) ...
Selecting previously unselected package libdrm-nouveau2:amd64.
Preparing to unpack .../libdrm-nouveau2_2.4.67-1ubuntu0.14.04.2_amd64.deb ...
Unpacking libdrm-nouveau2:amd64 (2.4.67-1ubuntu0.14.04.2) ...
Selecting previously unselected package libdrm-radeon1:amd64.
Preparing to unpack .../libdrm-radeon1_2.4.67-1ubuntu0.14.04.2_amd64.deb ...
Unpacking libdrm-radeon1:amd64 (2.4.67-1ubuntu0.14.04.2) ...
Selecting previously unselected package fonts-dejavu-core.
Preparing to unpack .../fonts-dejavu-core_2.34-1ubuntu1_all.deb ...
Unpacking fonts-dejavu-core (2.34-1ubuntu1) ...
Selecting previously unselected package fontconfig-config.
Preparing to unpack .../fontconfig-config_2.11.0-0ubuntu4.2_all.deb ...
Unpacking fontconfig-config (2.11.0-0ubuntu4.2) ...
Selecting previously unselected package libfreetype6:amd64.
Preparing to unpack .../libfreetype6_2.5.2-1ubuntu2.8_amd64.deb ...
Unpacking libfreetype6:amd64 (2.5.2-1ubuntu2.8) ...
Selecting previously unselected package libfontconfig1:amd64.
Preparing to unpack .../libfontconfig1_2.11.0-0ubuntu4.2_amd64.deb ...
Unpacking libfontconfig1:amd64 (2.11.0-0ubuntu4.2) ...
Selecting previously unselected package libfontenc1:amd64.
Preparing to unpack .../libfontenc1_1%3a1.1.2-1_amd64.deb ...
Unpacking libfontenc1:amd64 (1:1.1.2-1) ...
Selecting previously unselected package libfs6:amd64.
Preparing to unpack .../libfs6_2%3a1.0.5-1_amd64.deb ...
Unpacking libfs6:amd64 (2:1.0.5-1) ...
Selecting previously unselected package libglapi-mesa:amd64.
Preparing to unpack .../libglapi-mesa_10.1.3-0ubuntu0.6_amd64.deb ...
Unpacking libglapi-mesa:amd64 (10.1.3-0ubuntu0.6) ...
Selecting previously unselected package libx11-xcb1:amd64.
Preparing to unpack .../libx11-xcb1_2%3a1.6.2-1ubuntu2.1_amd64.deb ...
Unpacking libx11-xcb1:amd64 (2:1.6.2-1ubuntu2.1) ...
Selecting previously unselected package libxcb-dri2-0:amd64.
Preparing to unpack .../libxcb-dri2-0_1.10-2ubuntu1_amd64.deb ...
Unpacking libxcb-dri2-0:amd64 (1.10-2ubuntu1) ...
Selecting previously unselected package libxcb-dri3-0:amd64.
Preparing to unpack .../libxcb-dri3-0_1.10-2ubuntu1_amd64.deb ...
Unpacking libxcb-dri3-0:amd64 (1.10-2ubuntu1) ...
Selecting previously unselected package libxcb-glx0:amd64.
Preparing to unpack .../libxcb-glx0_1.10-2ubuntu1_amd64.deb ...
Unpacking libxcb-glx0:amd64 (1.10-2ubuntu1) ...
Selecting previously unselected package libxcb-present0:amd64.
Preparing to unpack .../libxcb-present0_1.10-2ubuntu1_amd64.deb ...
Unpacking libxcb-present0:amd64 (1.10-2ubuntu1) ...
Selecting previously unselected package libxcb-sync1:amd64.
Preparing to unpack .../libxcb-sync1_1.10-2ubuntu1_amd64.deb ...
Unpacking libxcb-sync1:amd64 (1.10-2ubuntu1) ...
Selecting previously unselected package libxdamage1:amd64.
Preparing to unpack .../libxdamage1_1%3a1.1.4-1ubuntu1_amd64.deb ...
Unpacking libxdamage1:amd64 (1:1.1.4-1ubuntu1) ...
Selecting previously unselected package libxfixes3:amd64.
Preparing to unpack .../libxfixes3_1%3a5.0.1-1ubuntu1.1_amd64.deb ...
Unpacking libxfixes3:amd64 (1:5.0.1-1ubuntu1.1) ...
Selecting previously unselected package libxshmfence1:amd64.
Preparing to unpack .../libxshmfence1_1.1-2_amd64.deb ...
Unpacking libxshmfence1:amd64 (1.1-2) ...
Selecting previously unselected package libxxf86vm1:amd64.
Preparing to unpack .../libxxf86vm1_1%3a1.1.3-1_amd64.deb ...
Unpacking libxxf86vm1:amd64 (1:1.1.3-1) ...
Selecting previously unselected package libgl1-mesa-glx:amd64.
Preparing to unpack .../libgl1-mesa-glx_10.1.3-0ubuntu0.6_amd64.deb ...
Unpacking libgl1-mesa-glx:amd64 (10.1.3-0ubuntu0.6) ...
Selecting previously unselected package libgomp1:amd64.
Preparing to unpack .../libgomp1_4.8.4-2ubuntu1~14.04.4_amd64.deb ...
Unpacking libgomp1:amd64 (4.8.4-2ubuntu1~14.04.4) ...
Selecting previously unselected package x11-common.
Preparing to unpack .../x11-common_1%3a7.7+1ubuntu8.1_all.deb ...
Unpacking x11-common (1:7.7+1ubuntu8.1) ...
Selecting previously unselected package libice6:amd64.
Preparing to unpack .../libice6_2%3a1.0.8-2_amd64.deb ...
Unpacking libice6:amd64 (2:1.0.8-2) ...
Selecting previously unselected package libitm1:amd64.
Preparing to unpack .../libitm1_4.8.4-2ubuntu1~14.04.4_amd64.deb ...
Unpacking libitm1:amd64 (4.8.4-2ubuntu1~14.04.4) ...
Selecting previously unselected package libprotobuf8:amd64.
Preparing to unpack .../libprotobuf8_2.5.0-9ubuntu1_amd64.deb ...
Unpacking libprotobuf8:amd64 (2.5.0-9ubuntu1) ...
Selecting previously unselected package libmirprotobuf0:amd64.
Preparing to unpack .../libmirprotobuf0_0.1.8+14.04.20140411-0ubuntu1_amd64.deb ...
Unpacking libmirprotobuf0:amd64 (0.1.8+14.04.20140411-0ubuntu1) ...
Selecting previously unselected package libxkbcommon0:amd64.
Preparing to unpack .../libxkbcommon0_0.4.1-0ubuntu1.1_amd64.deb ...
Unpacking libxkbcommon0:amd64 (0.4.1-0ubuntu1.1) ...
Selecting previously unselected package libmirclientplatform-mesa:amd64.
Preparing to unpack .../libmirclientplatform-mesa_0.1.8+14.04.20140411-0ubuntu1_amd64.deb ...
Unpacking libmirclientplatform-mesa:amd64 (0.1.8+14.04.20140411-0ubuntu1) ...
Selecting previously unselected package libmirclient7:amd64.
Preparing to unpack .../libmirclient7_0.1.8+14.04.20140411-0ubuntu1_amd64.deb ...
Unpacking libmirclient7:amd64 (0.1.8+14.04.20140411-0ubuntu1) ...
Selecting previously unselected package libmpfr4:amd64.
Preparing to unpack .../libmpfr4_3.1.2-1_amd64.deb ...
Unpacking libmpfr4:amd64 (3.1.2-1) ...
Selecting previously unselected package libpixman-1-0:amd64.
Preparing to unpack .../libpixman-1-0_0.30.2-2ubuntu1.2_amd64.deb ...
Unpacking libpixman-1-0:amd64 (0.30.2-2ubuntu1.2) ...
Selecting previously unselected package libquadmath0:amd64.
Preparing to unpack .../libquadmath0_4.8.4-2ubuntu1~14.04.4_amd64.deb ...
Unpacking libquadmath0:amd64 (4.8.4-2ubuntu1~14.04.4) ...
Selecting previously unselected package libsm6:amd64.
Preparing to unpack .../libsm6_2%3a1.2.1-2_amd64.deb ...
Unpacking libsm6:amd64 (2:1.2.1-2) ...
Selecting previously unselected package libtsan0:amd64.
Preparing to unpack .../libtsan0_4.8.4-2ubuntu1~14.04.4_amd64.deb ...
Unpacking libtsan0:amd64 (4.8.4-2ubuntu1~14.04.4) ...
Selecting previously unselected package libxt6:amd64.
Preparing to unpack .../libxt6_1%3a1.1.4-1_amd64.deb ...
Unpacking libxt6:amd64 (1:1.1.4-1) ...
Selecting previously unselected package libxmu6:amd64.
Preparing to unpack .../libxmu6_2%3a1.1.1-1_amd64.deb ...
Unpacking libxmu6:amd64 (2:1.1.1-1) ...
Selecting previously unselected package libxpm4:amd64.
Preparing to unpack .../libxpm4_1%3a3.5.10-1ubuntu0.1_amd64.deb ...
Unpacking libxpm4:amd64 (1:3.5.10-1ubuntu0.1) ...
Selecting previously unselected package libxaw7:amd64.
Preparing to unpack .../libxaw7_2%3a1.0.12-1_amd64.deb ...
Unpacking libxaw7:amd64 (2:1.0.12-1) ...
Selecting previously unselected package libxcb-randr0:amd64.
Preparing to unpack .../libxcb-randr0_1.10-2ubuntu1_amd64.deb ...
Unpacking libxcb-randr0:amd64 (1.10-2ubuntu1) ...
Selecting previously unselected package libxcb-render0:amd64.
Preparing to unpack .../libxcb-render0_1.10-2ubuntu1_amd64.deb ...
Unpacking libxcb-render0:amd64 (1.10-2ubuntu1) ...
Selecting previously unselected package libxcb-shape0:amd64.
Preparing to unpack .../libxcb-shape0_1.10-2ubuntu1_amd64.deb ...
Unpacking libxcb-shape0:amd64 (1.10-2ubuntu1) ...
Selecting previously unselected package libxcb-xfixes0:amd64.
Preparing to unpack .../libxcb-xfixes0_1.10-2ubuntu1_amd64.deb ...
Unpacking libxcb-xfixes0:amd64 (1.10-2ubuntu1) ...
Selecting previously unselected package libxcomposite1:amd64.
Preparing to unpack .../libxcomposite1_1%3a0.4.4-1_amd64.deb ...
Unpacking libxcomposite1:amd64 (1:0.4.4-1) ...
Selecting previously unselected package libxrender1:amd64.
Preparing to unpack .../libxrender1_1%3a0.9.8-1build0.14.04.1_amd64.deb ...
Unpacking libxrender1:amd64 (1:0.9.8-1build0.14.04.1) ...
Selecting previously unselected package libxcursor1:amd64.
Preparing to unpack .../libxcursor1_1%3a1.1.14-1ubuntu0.14.04.2_amd64.deb ...
Unpacking libxcursor1:amd64 (1:1.1.14-1ubuntu0.14.04.2) ...
Selecting previously unselected package libxfont1:amd64.
Preparing to unpack .../libxfont1_1%3a1.4.7-1ubuntu0.4_amd64.deb ...
Unpacking libxfont1:amd64 (1:1.4.7-1ubuntu0.4) ...
Selecting previously unselected package libxft2:amd64.
Preparing to unpack .../libxft2_2.3.1-2_amd64.deb ...
Unpacking libxft2:amd64 (2.3.1-2) ...
Selecting previously unselected package libxi6:amd64.
Preparing to unpack .../libxi6_2%3a1.7.1.901-1ubuntu1.1_amd64.deb ...
Unpacking libxi6:amd64 (2:1.7.1.901-1ubuntu1.1) ...
Selecting previously unselected package libxinerama1:amd64.
Preparing to unpack .../libxinerama1_2%3a1.1.3-1_amd64.deb ...
Unpacking libxinerama1:amd64 (2:1.1.3-1) ...
Selecting previously unselected package libxkbfile1:amd64.
Preparing to unpack .../libxkbfile1_1%3a1.0.8-1_amd64.deb ...
Unpacking libxkbfile1:amd64 (1:1.0.8-1) ...
Selecting previously unselected package libxrandr2:amd64.
Preparing to unpack .../libxrandr2_2%3a1.5.0-1~trusty1_amd64.deb ...
Unpacking libxrandr2:amd64 (2:1.5.0-1~trusty1) ...
Selecting previously unselected package libxres1:amd64.
Preparing to unpack .../libxres1_2%3a1.0.7-1_amd64.deb ...
Unpacking libxres1:amd64 (2:1.0.7-1) ...
Selecting previously unselected package libxss1:amd64.
Preparing to unpack .../libxss1_1%3a1.2.2-1_amd64.deb ...
Unpacking libxss1:amd64 (1:1.2.2-1) ...
Selecting previously unselected package libxtst6:amd64.
Preparing to unpack .../libxtst6_2%3a1.2.2-1_amd64.deb ...
Unpacking libxtst6:amd64 (2:1.2.2-1) ...
Selecting previously unselected package libxv1:amd64.
Preparing to unpack .../libxv1_2%3a1.0.10-1_amd64.deb ...
Unpacking libxv1:amd64 (2:1.0.10-1) ...
Selecting previously unselected package libxvmc1:amd64.
Preparing to unpack .../libxvmc1_2%3a1.0.8-1ubuntu1_amd64.deb ...
Unpacking libxvmc1:amd64 (2:1.0.8-1ubuntu1) ...
Selecting previously unselected package libxxf86dga1:amd64.
Preparing to unpack .../libxxf86dga1_2%3a1.1.4-1_amd64.deb ...
Unpacking libxxf86dga1:amd64 (2:1.1.4-1) ...
Selecting previously unselected package libmpc3:amd64.
Preparing to unpack .../libmpc3_1.0.1-1ubuntu1_amd64.deb ...
Unpacking libmpc3:amd64 (1.0.1-1ubuntu1) ...
Selecting previously unselected package binutils.
Preparing to unpack .../binutils_2.24-5ubuntu14.2_amd64.deb ...
Unpacking binutils (2.24-5ubuntu14.2) ...
Selecting previously unselected package libc-dev-bin.
Preparing to unpack .../libc-dev-bin_2.19-0ubuntu6.15_amd64.deb ...
Unpacking libc-dev-bin (2.19-0ubuntu6.15) ...
Selecting previously unselected package linux-libc-dev:amd64.
Preparing to unpack .../linux-libc-dev_3.13.0-170.220_amd64.deb ...
Unpacking linux-libc-dev:amd64 (3.13.0-170.220) ...
Selecting previously unselected package libc6-dev:amd64.
Preparing to unpack .../libc6-dev_2.19-0ubuntu6.15_amd64.deb ...
Unpacking libc6-dev:amd64 (2.19-0ubuntu6.15) ...
Selecting previously unselected package cpp-4.8.
Preparing to unpack .../cpp-4.8_4.8.4-2ubuntu1~14.04.4_amd64.deb ...
Unpacking cpp-4.8 (4.8.4-2ubuntu1~14.04.4) ...
Selecting previously unselected package cpp.
Preparing to unpack .../cpp_4%3a4.8.2-1ubuntu6_amd64.deb ...
Unpacking cpp (4:4.8.2-1ubuntu6) ...
Selecting previously unselected package libgcc-4.8-dev:amd64.
Preparing to unpack .../libgcc-4.8-dev_4.8.4-2ubuntu1~14.04.4_amd64.deb ...
Unpacking libgcc-4.8-dev:amd64 (4.8.4-2ubuntu1~14.04.4) ...
Selecting previously unselected package gcc-4.8.
Preparing to unpack .../gcc-4.8_4.8.4-2ubuntu1~14.04.4_amd64.deb ...
Unpacking gcc-4.8 (4.8.4-2ubuntu1~14.04.4) ...
Selecting previously unselected package gcc.
Preparing to unpack .../gcc_4%3a4.8.2-1ubuntu6_amd64.deb ...
Unpacking gcc (4:4.8.2-1ubuntu6) ...
Selecting previously unselected package libstdc++-4.8-dev:amd64.
Preparing to unpack .../libstdc++-4.8-dev_4.8.4-2ubuntu1~14.04.4_amd64.deb ...
Unpacking libstdc++-4.8-dev:amd64 (4.8.4-2ubuntu1~14.04.4) ...
Selecting previously unselected package g++-4.8.
Preparing to unpack .../g++-4.8_4.8.4-2ubuntu1~14.04.4_amd64.deb ...
Unpacking g++-4.8 (4.8.4-2ubuntu1~14.04.4) ...
Selecting previously unselected package g++.
Preparing to unpack .../g++_4%3a4.8.2-1ubuntu6_amd64.deb ...
Unpacking g++ (4:4.8.2-1ubuntu6) ...
Selecting previously unselected package make.
Preparing to unpack .../make_3.81-8.2ubuntu3_amd64.deb ...
Unpacking make (3.81-8.2ubuntu3) ...
Selecting previously unselected package libtimedate-perl.
Preparing to unpack .../libtimedate-perl_2.3000-1_all.deb ...
Unpacking libtimedate-perl (2.3000-1) ...
Selecting previously unselected package libdpkg-perl.
Preparing to unpack .../libdpkg-perl_1.17.5ubuntu5.8_all.deb ...
Unpacking libdpkg-perl (1.17.5ubuntu5.8) ...
Selecting previously unselected package xz-utils.
Preparing to unpack .../xz-utils_5.1.1alpha+20120614-2ubuntu2_amd64.deb ...
Unpacking xz-utils (5.1.1alpha+20120614-2ubuntu2) ...
Selecting previously unselected package patch.
Preparing to unpack .../patch_2.7.1-4ubuntu2.4_amd64.deb ...
Unpacking patch (2.7.1-4ubuntu2.4) ...
Selecting previously unselected package dpkg-dev.
Preparing to unpack .../dpkg-dev_1.17.5ubuntu5.8_all.deb ...
Unpacking dpkg-dev (1.17.5ubuntu5.8) ...
Selecting previously unselected package build-essential.
Preparing to unpack .../build-essential_11.6ubuntu6_amd64.deb ...
Unpacking build-essential (11.6ubuntu6) ...
Selecting previously unselected package libasound2-dev:amd64.
Preparing to unpack .../libasound2-dev_1.0.27.2-3ubuntu7_amd64.deb ...
Unpacking libasound2-dev:amd64 (1.0.27.2-3ubuntu7) ...
Selecting previously unselected package xorg-sgml-doctools.
Preparing to unpack .../xorg-sgml-doctools_1%3a1.11-1_all.deb ...
Unpacking xorg-sgml-doctools (1:1.11-1) ...
Selecting previously unselected package x11proto-core-dev.
Preparing to unpack .../x11proto-core-dev_7.0.26-1~ubuntu2_all.deb ...
Unpacking x11proto-core-dev (7.0.26-1~ubuntu2) ...
Selecting previously unselected package libxau-dev:amd64.
Preparing to unpack .../libxau-dev_1%3a1.0.8-1_amd64.deb ...
Unpacking libxau-dev:amd64 (1:1.0.8-1) ...
Selecting previously unselected package libxdmcp-dev:amd64.
Preparing to unpack .../libxdmcp-dev_1%3a1.1.1-1_amd64.deb ...
Unpacking libxdmcp-dev:amd64 (1:1.1.1-1) ...
Selecting previously unselected package x11proto-input-dev.
Preparing to unpack .../x11proto-input-dev_2.3-1_all.deb ...
Unpacking x11proto-input-dev (2.3-1) ...
Selecting previously unselected package x11proto-kb-dev.
Preparing to unpack .../x11proto-kb-dev_1.0.6-2_all.deb ...
Unpacking x11proto-kb-dev (1.0.6-2) ...
Selecting previously unselected package xtrans-dev.
Preparing to unpack .../xtrans-dev_1.3.5-1~ubuntu14.04.2_all.deb ...
Unpacking xtrans-dev (1.3.5-1~ubuntu14.04.2) ...
Selecting previously unselected package libpthread-stubs0-dev:amd64.
Preparing to unpack .../libpthread-stubs0-dev_0.3-4_amd64.deb ...
Unpacking libpthread-stubs0-dev:amd64 (0.3-4) ...
Selecting previously unselected package libxcb1-dev:amd64.
Preparing to unpack .../libxcb1-dev_1.10-2ubuntu1_amd64.deb ...
Unpacking libxcb1-dev:amd64 (1.10-2ubuntu1) ...
Selecting previously unselected package libx11-dev:amd64.
Preparing to unpack .../libx11-dev_2%3a1.6.2-1ubuntu2.1_amd64.deb ...
Unpacking libx11-dev:amd64 (2:1.6.2-1ubuntu2.1) ...
Selecting previously unselected package x11proto-dmx-dev.
Preparing to unpack .../x11proto-dmx-dev_1%3a2.3.1-2_all.deb ...
Unpacking x11proto-dmx-dev (1:2.3.1-2) ...
Selecting previously unselected package libdmx-dev:amd64.
Preparing to unpack .../libdmx-dev_1%3a1.1.3-1_amd64.deb ...
Unpacking libdmx-dev:amd64 (1:1.1.3-1) ...
Selecting previously unselected package libdrm-dev:amd64.
Preparing to unpack .../libdrm-dev_2.4.67-1ubuntu0.14.04.2_amd64.deb ...
Unpacking libdrm-dev:amd64 (2.4.67-1ubuntu0.14.04.2) ...
Selecting previously unselected package libexpat1-dev:amd64.
Preparing to unpack .../libexpat1-dev_2.1.0-4ubuntu1.4_amd64.deb ...
Unpacking libexpat1-dev:amd64 (2.1.0-4ubuntu1.4) ...
Selecting previously unselected package zlib1g-dev:amd64.
Preparing to unpack .../zlib1g-dev_1%3a1.2.8.dfsg-1ubuntu1.1_amd64.deb ...
Unpacking zlib1g-dev:amd64 (1:1.2.8.dfsg-1ubuntu1.1) ...
Selecting previously unselected package libpng12-dev.
Preparing to unpack .../libpng12-dev_1.2.50-1ubuntu2.14.04.3_amd64.deb ...
Unpacking libpng12-dev (1.2.50-1ubuntu2.14.04.3) ...
Selecting previously unselected package libfreetype6-dev.
Preparing to unpack .../libfreetype6-dev_2.5.2-1ubuntu2.8_amd64.deb ...
Unpacking libfreetype6-dev (2.5.2-1ubuntu2.8) ...
Selecting previously unselected package pkg-config.
Preparing to unpack .../pkg-config_0.26-1ubuntu4_amd64.deb ...
Unpacking pkg-config (0.26-1ubuntu4) ...
Selecting previously unselected package libfontconfig1-dev.
Preparing to unpack .../libfontconfig1-dev_2.11.0-0ubuntu4.2_amd64.deb ...
Unpacking libfontconfig1-dev (2.11.0-0ubuntu4.2) ...
Selecting previously unselected package libfontenc-dev:amd64.
Preparing to unpack .../libfontenc-dev_1%3a1.1.2-1_amd64.deb ...
Unpacking libfontenc-dev:amd64 (1:1.1.2-1) ...
Selecting previously unselected package x11proto-fonts-dev.
Preparing to unpack .../x11proto-fonts-dev_2.1.3-1~ubuntu2_all.deb ...
Unpacking x11proto-fonts-dev (2.1.3-1~ubuntu2) ...
Selecting previously unselected package libfs-dev:amd64.
Preparing to unpack .../libfs-dev_2%3a1.0.5-1_amd64.deb ...
Unpacking libfs-dev:amd64 (2:1.0.5-1) ...
Selecting previously unselected package libice-dev:amd64.
Preparing to unpack .../libice-dev_2%3a1.0.8-2_amd64.deb ...
Unpacking libice-dev:amd64 (2:1.0.8-2) ...
Selecting previously unselected package libprotobuf-lite8:amd64.
Preparing to unpack .../libprotobuf-lite8_2.5.0-9ubuntu1_amd64.deb ...
Unpacking libprotobuf-lite8:amd64 (2.5.0-9ubuntu1) ...
Selecting previously unselected package libprotobuf-dev:amd64.
Preparing to unpack .../libprotobuf-dev_2.5.0-9ubuntu1_amd64.deb ...
Unpacking libprotobuf-dev:amd64 (2.5.0-9ubuntu1) ...
Selecting previously unselected package libmirprotobuf-dev:amd64.
Preparing to unpack .../libmirprotobuf-dev_0.1.8+14.04.20140411-0ubuntu1_amd64.deb ...
Unpacking libmirprotobuf-dev:amd64 (0.1.8+14.04.20140411-0ubuntu1) ...
Selecting previously unselected package mircommon-dev:amd64.
Preparing to unpack .../mircommon-dev_0.1.8+14.04.20140411-0ubuntu1_amd64.deb ...
Unpacking mircommon-dev:amd64 (0.1.8+14.04.20140411-0ubuntu1) ...
Selecting previously unselected package libmirclient-dev:amd64.
Preparing to unpack .../libmirclient-dev_0.1.8+14.04.20140411-0ubuntu1_amd64.deb ...
Unpacking libmirclient-dev:amd64 (0.1.8+14.04.20140411-0ubuntu1) ...
Selecting previously unselected package libpixman-1-dev.
Preparing to unpack .../libpixman-1-dev_0.30.2-2ubuntu1.2_amd64.deb ...
Unpacking libpixman-1-dev (0.30.2-2ubuntu1.2) ...
Selecting previously unselected package libsm-dev:amd64.
Preparing to unpack .../libsm-dev_2%3a1.2.1-2_amd64.deb ...
Unpacking libsm-dev:amd64 (2:1.2.1-2) ...
Selecting previously unselected package libx11-xcb-dev:amd64.
Preparing to unpack .../libx11-xcb-dev_2%3a1.6.2-1ubuntu2.1_amd64.deb ...
Unpacking libx11-xcb-dev:amd64 (2:1.6.2-1ubuntu2.1) ...
Selecting previously unselected package x11proto-xext-dev.
Preparing to unpack .../x11proto-xext-dev_7.3.0-1_all.deb ...
Unpacking x11proto-xext-dev (7.3.0-1) ...
Selecting previously unselected package libxext-dev:amd64.
Preparing to unpack .../libxext-dev_2%3a1.3.2-1ubuntu0.0.14.04.1_amd64.deb ...
Unpacking libxext-dev:amd64 (2:1.3.2-1ubuntu0.0.14.04.1) ...
Selecting previously unselected package libxt-dev:amd64.
Preparing to unpack .../libxt-dev_1%3a1.1.4-1_amd64.deb ...
Unpacking libxt-dev:amd64 (1:1.1.4-1) ...
Selecting previously unselected package libxmu-headers.
Preparing to unpack .../libxmu-headers_2%3a1.1.1-1_all.deb ...
Unpacking libxmu-headers (2:1.1.1-1) ...
Selecting previously unselected package libxmu-dev:amd64.
Preparing to unpack .../libxmu-dev_2%3a1.1.1-1_amd64.deb ...
Unpacking libxmu-dev:amd64 (2:1.1.1-1) ...
Selecting previously unselected package libxpm-dev:amd64.
Preparing to unpack .../libxpm-dev_1%3a3.5.10-1ubuntu0.1_amd64.deb ...
Unpacking libxpm-dev:amd64 (1:3.5.10-1ubuntu0.1) ...
Selecting previously unselected package libxaw7-dev:amd64.
Preparing to unpack .../libxaw7-dev_2%3a1.0.12-1_amd64.deb ...
Unpacking libxaw7-dev:amd64 (2:1.0.12-1) ...
Selecting previously unselected package libxcb-dri2-0-dev:amd64.
Preparing to unpack .../libxcb-dri2-0-dev_1.10-2ubuntu1_amd64.deb ...
Unpacking libxcb-dri2-0-dev:amd64 (1.10-2ubuntu1) ...
Selecting previously unselected package libxcb-dri3-dev:amd64.
Preparing to unpack .../libxcb-dri3-dev_1.10-2ubuntu1_amd64.deb ...
Unpacking libxcb-dri3-dev:amd64 (1.10-2ubuntu1) ...
Selecting previously unselected package libxcb-glx0-dev:amd64.
Preparing to unpack .../libxcb-glx0-dev_1.10-2ubuntu1_amd64.deb ...
Unpacking libxcb-glx0-dev:amd64 (1.10-2ubuntu1) ...
Selecting previously unselected package libxcb-render0-dev:amd64.
Preparing to unpack .../libxcb-render0-dev_1.10-2ubuntu1_amd64.deb ...
Unpacking libxcb-render0-dev:amd64 (1.10-2ubuntu1) ...
Selecting previously unselected package libxcb-randr0-dev:amd64.
Preparing to unpack .../libxcb-randr0-dev_1.10-2ubuntu1_amd64.deb ...
Unpacking libxcb-randr0-dev:amd64 (1.10-2ubuntu1) ...
Selecting previously unselected package libxcb-shape0-dev:amd64.
Preparing to unpack .../libxcb-shape0-dev_1.10-2ubuntu1_amd64.deb ...
Unpacking libxcb-shape0-dev:amd64 (1.10-2ubuntu1) ...
Selecting previously unselected package libxcb-xfixes0-dev:amd64.
Preparing to unpack .../libxcb-xfixes0-dev_1.10-2ubuntu1_amd64.deb ...
Unpacking libxcb-xfixes0-dev:amd64 (1.10-2ubuntu1) ...
Selecting previously unselected package libxcb-sync-dev:amd64.
Preparing to unpack .../libxcb-sync-dev_1.10-2ubuntu1_amd64.deb ...
Unpacking libxcb-sync-dev:amd64 (1.10-2ubuntu1) ...
Selecting previously unselected package libxcb-present-dev:amd64.
Preparing to unpack .../libxcb-present-dev_1.10-2ubuntu1_amd64.deb ...
Unpacking libxcb-present-dev:amd64 (1.10-2ubuntu1) ...
Selecting previously unselected package x11proto-fixes-dev.
Preparing to unpack .../x11proto-fixes-dev_1%3a5.0-2ubuntu2_all.deb ...
Unpacking x11proto-fixes-dev (1:5.0-2ubuntu2) ...
Selecting previously unselected package libxfixes-dev:amd64.
Preparing to unpack .../libxfixes-dev_1%3a5.0.1-1ubuntu1.1_amd64.deb ...
Unpacking libxfixes-dev:amd64 (1:5.0.1-1ubuntu1.1) ...
Selecting previously unselected package x11proto-composite-dev.
Preparing to unpack .../x11proto-composite-dev_1%3a0.4.2-2_all.deb ...
Unpacking x11proto-composite-dev (1:0.4.2-2) ...
Selecting previously unselected package libxcomposite-dev.
Preparing to unpack .../libxcomposite-dev_1%3a0.4.4-1_amd64.deb ...
Unpacking libxcomposite-dev (1:0.4.4-1) ...
Selecting previously unselected package x11proto-render-dev.
Preparing to unpack .../x11proto-render-dev_2%3a0.11.1-2_all.deb ...
Unpacking x11proto-render-dev (2:0.11.1-2) ...
Selecting previously unselected package libxrender-dev:amd64.
Preparing to unpack .../libxrender-dev_1%3a0.9.8-1build0.14.04.1_amd64.deb ...
Unpacking libxrender-dev:amd64 (1:0.9.8-1build0.14.04.1) ...
Selecting previously unselected package libxcursor-dev:amd64.
Preparing to unpack .../libxcursor-dev_1%3a1.1.14-1ubuntu0.14.04.2_amd64.deb ...
Unpacking libxcursor-dev:amd64 (1:1.1.14-1ubuntu0.14.04.2) ...
Selecting previously unselected package x11proto-damage-dev.
Preparing to unpack .../x11proto-damage-dev_1%3a1.2.1-2_all.deb ...
Unpacking x11proto-damage-dev (1:1.2.1-2) ...
Selecting previously unselected package libxdamage-dev:amd64.
Preparing to unpack .../libxdamage-dev_1%3a1.1.4-1ubuntu1_amd64.deb ...
Unpacking libxdamage-dev:amd64 (1:1.1.4-1ubuntu1) ...
Selecting previously unselected package libxfont-dev.
Preparing to unpack .../libxfont-dev_1%3a1.4.7-1ubuntu0.4_amd64.deb ...
Unpacking libxfont-dev (1:1.4.7-1ubuntu0.4) ...
Selecting previously unselected package libxft-dev.
Preparing to unpack .../libxft-dev_2.3.1-2_amd64.deb ...
Unpacking libxft-dev (2.3.1-2) ...
Selecting previously unselected package libxi-dev.
Preparing to unpack .../libxi-dev_2%3a1.7.1.901-1ubuntu1.1_amd64.deb ...
Unpacking libxi-dev (2:1.7.1.901-1ubuntu1.1) ...
Selecting previously unselected package x11proto-xinerama-dev.
Preparing to unpack .../x11proto-xinerama-dev_1.2.1-2_all.deb ...
Unpacking x11proto-xinerama-dev (1.2.1-2) ...
Selecting previously unselected package libxinerama-dev:amd64.
Preparing to unpack .../libxinerama-dev_2%3a1.1.3-1_amd64.deb ...
Unpacking libxinerama-dev:amd64 (2:1.1.3-1) ...
Selecting previously unselected package libxkbfile-dev:amd64.
Preparing to unpack .../libxkbfile-dev_1%3a1.0.8-1_amd64.deb ...
Unpacking libxkbfile-dev:amd64 (1:1.0.8-1) ...
Selecting previously unselected package libxmuu-dev:amd64.
Preparing to unpack .../libxmuu-dev_2%3a1.1.1-1_amd64.deb ...
Unpacking libxmuu-dev:amd64 (2:1.1.1-1) ...
Selecting previously unselected package x11proto-randr-dev.
Preparing to unpack .../x11proto-randr-dev_1.5.0-1~trusty2_all.deb ...
Unpacking x11proto-randr-dev (1.5.0-1~trusty2) ...
Selecting previously unselected package libxrandr-dev:amd64.
Preparing to unpack .../libxrandr-dev_2%3a1.5.0-1~trusty1_amd64.deb ...
Unpacking libxrandr-dev:amd64 (2:1.5.0-1~trusty1) ...
Selecting previously unselected package x11proto-resource-dev.
Preparing to unpack .../x11proto-resource-dev_1.2.0-3_all.deb ...
Unpacking x11proto-resource-dev (1.2.0-3) ...
Selecting previously unselected package libxres-dev.
Preparing to unpack .../libxres-dev_2%3a1.0.7-1_amd64.deb ...
Unpacking libxres-dev (2:1.0.7-1) ...
Selecting previously unselected package libxshmfence-dev:amd64.
Preparing to unpack .../libxshmfence-dev_1.1-2_amd64.deb ...
Unpacking libxshmfence-dev:amd64 (1.1-2) ...
Selecting previously unselected package x11proto-scrnsaver-dev.
Preparing to unpack .../x11proto-scrnsaver-dev_1.2.2-1_all.deb ...
Unpacking x11proto-scrnsaver-dev (1.2.2-1) ...
Selecting previously unselected package libxss-dev:amd64.
Preparing to unpack .../libxss-dev_1%3a1.2.2-1_amd64.deb ...
Unpacking libxss-dev:amd64 (1:1.2.2-1) ...
Selecting previously unselected package x11proto-record-dev.
Preparing to unpack .../x11proto-record-dev_1.14.2-1_all.deb ...
Unpacking x11proto-record-dev (1.14.2-1) ...
Selecting previously unselected package libxtst-dev:amd64.
Preparing to unpack .../libxtst-dev_2%3a1.2.2-1_amd64.deb ...
Unpacking libxtst-dev:amd64 (2:1.2.2-1) ...
Selecting previously unselected package x11proto-video-dev.
Preparing to unpack .../x11proto-video-dev_2.3.2-1_all.deb ...
Unpacking x11proto-video-dev (2.3.2-1) ...
Selecting previously unselected package libxv-dev:amd64.
Preparing to unpack .../libxv-dev_2%3a1.0.10-1_amd64.deb ...
Unpacking libxv-dev:amd64 (2:1.0.10-1) ...
Selecting previously unselected package libxvmc-dev:amd64.
Preparing to unpack .../libxvmc-dev_2%3a1.0.8-1ubuntu1_amd64.deb ...
Unpacking libxvmc-dev:amd64 (2:1.0.8-1ubuntu1) ...
Selecting previously unselected package x11proto-xf86dga-dev.
Preparing to unpack .../x11proto-xf86dga-dev_2.1-3_all.deb ...
Unpacking x11proto-xf86dga-dev (2.1-3) ...
Selecting previously unselected package libxxf86dga-dev:amd64.
Preparing to unpack .../libxxf86dga-dev_2%3a1.1.4-1_amd64.deb ...
Unpacking libxxf86dga-dev:amd64 (2:1.1.4-1) ...
Selecting previously unselected package x11proto-xf86vidmode-dev.
Preparing to unpack .../x11proto-xf86vidmode-dev_2.3.1-2_all.deb ...
Unpacking x11proto-xf86vidmode-dev (2.3.1-2) ...
Selecting previously unselected package libxxf86vm-dev:amd64.
Preparing to unpack .../libxxf86vm-dev_1%3a1.1.3-1_amd64.deb ...
Unpacking libxxf86vm-dev:amd64 (1:1.1.3-1) ...
Selecting previously unselected package mesa-common-dev.
Preparing to unpack .../mesa-common-dev_10.1.3-0ubuntu0.6_amd64.deb ...
Unpacking mesa-common-dev (10.1.3-0ubuntu0.6) ...
Selecting previously unselected package x11proto-bigreqs-dev.
Preparing to unpack .../x11proto-bigreqs-dev_1%3a1.1.2-1_all.deb ...
Unpacking x11proto-bigreqs-dev (1:1.1.2-1) ...
Selecting previously unselected package x11proto-dri2-dev.
Preparing to unpack .../x11proto-dri2-dev_2.8-2_all.deb ...
Unpacking x11proto-dri2-dev (2.8-2) ...
Selecting previously unselected package x11proto-dri3-dev.
Preparing to unpack .../x11proto-dri3-dev_1.0-1_all.deb ...
Unpacking x11proto-dri3-dev (1.0-1) ...
Selecting previously unselected package x11proto-gl-dev.
Preparing to unpack .../x11proto-gl-dev_1.4.17-1_all.deb ...
Unpacking x11proto-gl-dev (1.4.17-1) ...
Selecting previously unselected package x11proto-present-dev.
Preparing to unpack .../x11proto-present-dev_1.0-1_all.deb ...
Unpacking x11proto-present-dev (1.0-1) ...
Selecting previously unselected package x11proto-xcmisc-dev.
Preparing to unpack .../x11proto-xcmisc-dev_1.2.2-1_all.deb ...
Unpacking x11proto-xcmisc-dev (1.2.2-1) ...
Selecting previously unselected package x11proto-xf86bigfont-dev.
Preparing to unpack .../x11proto-xf86bigfont-dev_1.2.0-3_all.deb ...
Unpacking x11proto-xf86bigfont-dev (1.2.0-3) ...
Selecting previously unselected package x11proto-xf86dri-dev.
Preparing to unpack .../x11proto-xf86dri-dev_2.1.1-2_all.deb ...
Unpacking x11proto-xf86dri-dev (2.1.1-2) ...
Selecting previously unselected package libpciaccess-dev:amd64.
Preparing to unpack .../libpciaccess-dev_0.13.2-1_amd64.deb ...
Unpacking libpciaccess-dev:amd64 (0.13.2-1) ...
Selecting previously unselected package xserver-xorg-dev.
Preparing to unpack .../xserver-xorg-dev_2%3a1.15.1-0ubuntu2.11_amd64.deb ...
Unpacking xserver-xorg-dev (2:1.15.1-0ubuntu2.11) ...
Selecting previously unselected package xorg-dev.
Preparing to unpack .../xorg-dev_1%3a7.7+1ubuntu8.1_all.deb ...
Unpacking xorg-dev (1:7.7+1ubuntu8.1) ...
Selecting previously unselected package libgl1-mesa-dev.
Preparing to unpack .../libgl1-mesa-dev_10.1.3-0ubuntu0.6_amd64.deb ...
Unpacking libgl1-mesa-dev (10.1.3-0ubuntu0.6) ...
Processing triggers for ureadahead (0.100.0-16) ...
Setting up libglib2.0-0:amd64 (2.40.2-0ubuntu1.1) ...
No schema files found: doing nothing.
Setting up libxau6:amd64 (1:1.0.8-1) ...
Setting up libxdmcp6:amd64 (1:1.1.1-1) ...
Setting up libxcb1:amd64 (1.10-2ubuntu1) ...
Setting up libx11-data (2:1.6.2-1ubuntu2.1) ...
Setting up libx11-6:amd64 (2:1.6.2-1ubuntu2.1) ...
Setting up libxext6:amd64 (2:1.3.2-1ubuntu0.0.14.04.1) ...
Setting up libxmuu1:amd64 (2:1.1.1-1) ...
Setting up libasan0:amd64 (4.8.4-2ubuntu1~14.04.4) ...
Setting up libasound2-data (1.0.27.2-3ubuntu7) ...
Setting up libasound2:amd64 (1.0.27.2-3ubuntu7) ...
Setting up libatomic1:amd64 (4.8.4-2ubuntu1~14.04.4) ...
Setting up libboost-system1.54.0:amd64 (1.54.0-4ubuntu3.1) ...
Setting up libgmp10:amd64 (2:5.1.3+dfsg-1ubuntu1) ...
Setting up libisl10:amd64 (0.12.2-1) ...
Setting up libcloog-isl4:amd64 (0.18.2-1) ...
Setting up libdmx1:amd64 (1:1.1.3-1) ...
Setting up libdrm-amdgpu1:amd64 (2.4.67-1ubuntu0.14.04.2) ...
Setting up libpciaccess0:amd64 (0.13.2-1) ...
Setting up libdrm-intel1:amd64 (2.4.67-1ubuntu0.14.04.2) ...
Setting up libdrm-nouveau2:amd64 (2.4.67-1ubuntu0.14.04.2) ...
Setting up libdrm-radeon1:amd64 (2.4.67-1ubuntu0.14.04.2) ...
Setting up fonts-dejavu-core (2.34-1ubuntu1) ...
Setting up fontconfig-config (2.11.0-0ubuntu4.2) ...
Setting up libfreetype6:amd64 (2.5.2-1ubuntu2.8) ...
Setting up libfontconfig1:amd64 (2.11.0-0ubuntu4.2) ...
Setting up libfontenc1:amd64 (1:1.1.2-1) ...
Setting up libfs6:amd64 (2:1.0.5-1) ...
Setting up libglapi-mesa:amd64 (10.1.3-0ubuntu0.6) ...
Setting up libx11-xcb1:amd64 (2:1.6.2-1ubuntu2.1) ...
Setting up libxcb-dri2-0:amd64 (1.10-2ubuntu1) ...
Setting up libxcb-dri3-0:amd64 (1.10-2ubuntu1) ...
Setting up libxcb-glx0:amd64 (1.10-2ubuntu1) ...
Setting up libxcb-present0:amd64 (1.10-2ubuntu1) ...
Setting up libxcb-sync1:amd64 (1.10-2ubuntu1) ...
Setting up libxdamage1:amd64 (1:1.1.4-1ubuntu1) ...
Setting up libxfixes3:amd64 (1:5.0.1-1ubuntu1.1) ...
Setting up libxshmfence1:amd64 (1.1-2) ...
Setting up libxxf86vm1:amd64 (1:1.1.3-1) ...
Setting up libgl1-mesa-glx:amd64 (10.1.3-0ubuntu0.6) ...
update-alternatives: using /usr/lib/x86_64-linux-gnu/mesa/ld.so.conf to provide /etc/ld.so.conf.d/x86_64-linux-gnu_GL.conf (x86_64-linux-gnu_gl_conf) in auto mode
Setting up libgomp1:amd64 (4.8.4-2ubuntu1~14.04.4) ...
Setting up x11-common (1:7.7+1ubuntu8.1) ...
invoke-rc.d: policy-rc.d denied execution of start.
Setting up libitm1:amd64 (4.8.4-2ubuntu1~14.04.4) ...
Setting up libprotobuf8:amd64 (2.5.0-9ubuntu1) ...
Setting up libmirprotobuf0:amd64 (0.1.8+14.04.20140411-0ubuntu1) ...
Setting up libxkbcommon0:amd64 (0.4.1-0ubuntu1.1) ...
Setting up libmpfr4:amd64 (3.1.2-1) ...
Setting up libpixman-1-0:amd64 (0.30.2-2ubuntu1.2) ...
Setting up libquadmath0:amd64 (4.8.4-2ubuntu1~14.04.4) ...
Setting up libtsan0:amd64 (4.8.4-2ubuntu1~14.04.4) ...
Setting up libxpm4:amd64 (1:3.5.10-1ubuntu0.1) ...
Setting up libxcb-randr0:amd64 (1.10-2ubuntu1) ...
Setting up libxcb-render0:amd64 (1.10-2ubuntu1) ...
Setting up libxcb-shape0:amd64 (1.10-2ubuntu1) ...
Setting up libxcb-xfixes0:amd64 (1.10-2ubuntu1) ...
Setting up libxcomposite1:amd64 (1:0.4.4-1) ...
Setting up libxrender1:amd64 (1:0.9.8-1build0.14.04.1) ...
Setting up libxcursor1:amd64 (1:1.1.14-1ubuntu0.14.04.2) ...
Setting up libxfont1:amd64 (1:1.4.7-1ubuntu0.4) ...
Setting up libxft2:amd64 (2.3.1-2) ...
Setting up libxi6:amd64 (2:1.7.1.901-1ubuntu1.1) ...
Setting up libxinerama1:amd64 (2:1.1.3-1) ...
Setting up libxkbfile1:amd64 (1:1.0.8-1) ...
Setting up libxrandr2:amd64 (2:1.5.0-1~trusty1) ...
Setting up libxres1:amd64 (2:1.0.7-1) ...
Setting up libxv1:amd64 (2:1.0.10-1) ...
Setting up libxxf86dga1:amd64 (2:1.1.4-1) ...
Setting up libmpc3:amd64 (1.0.1-1ubuntu1) ...
Setting up binutils (2.24-5ubuntu14.2) ...
Setting up libc-dev-bin (2.19-0ubuntu6.15) ...
Setting up linux-libc-dev:amd64 (3.13.0-170.220) ...
Setting up libc6-dev:amd64 (2.19-0ubuntu6.15) ...
Setting up cpp-4.8 (4.8.4-2ubuntu1~14.04.4) ...
Setting up cpp (4:4.8.2-1ubuntu6) ...
Setting up libgcc-4.8-dev:amd64 (4.8.4-2ubuntu1~14.04.4) ...
Setting up gcc-4.8 (4.8.4-2ubuntu1~14.04.4) ...
Setting up gcc (4:4.8.2-1ubuntu6) ...
Setting up libstdc++-4.8-dev:amd64 (4.8.4-2ubuntu1~14.04.4) ...
Setting up g++-4.8 (4.8.4-2ubuntu1~14.04.4) ...
Setting up g++ (4:4.8.2-1ubuntu6) ...
update-alternatives: using /usr/bin/g++ to provide /usr/bin/c++ (c++) in auto mode
Setting up make (3.81-8.2ubuntu3) ...
Setting up libtimedate-perl (2.3000-1) ...
Setting up libdpkg-perl (1.17.5ubuntu5.8) ...
Setting up xz-utils (5.1.1alpha+20120614-2ubuntu2) ...
update-alternatives: using /usr/bin/xz to provide /usr/bin/lzma (lzma) in auto mode
Setting up patch (2.7.1-4ubuntu2.4) ...
Setting up dpkg-dev (1.17.5ubuntu5.8) ...
Setting up build-essential (11.6ubuntu6) ...
Setting up libasound2-dev:amd64 (1.0.27.2-3ubuntu7) ...
Setting up xorg-sgml-doctools (1:1.11-1) ...
Setting up x11proto-core-dev (7.0.26-1~ubuntu2) ...
Setting up libxau-dev:amd64 (1:1.0.8-1) ...
Setting up libxdmcp-dev:amd64 (1:1.1.1-1) ...
Setting up x11proto-input-dev (2.3-1) ...
Setting up x11proto-kb-dev (1.0.6-2) ...
Setting up xtrans-dev (1.3.5-1~ubuntu14.04.2) ...
Setting up libpthread-stubs0-dev:amd64 (0.3-4) ...
Setting up libxcb1-dev:amd64 (1.10-2ubuntu1) ...
Setting up libx11-dev:amd64 (2:1.6.2-1ubuntu2.1) ...
Setting up x11proto-dmx-dev (1:2.3.1-2) ...
Setting up libdmx-dev:amd64 (1:1.1.3-1) ...
Setting up libdrm-dev:amd64 (2.4.67-1ubuntu0.14.04.2) ...
Setting up libexpat1-dev:amd64 (2.1.0-4ubuntu1.4) ...
Setting up zlib1g-dev:amd64 (1:1.2.8.dfsg-1ubuntu1.1) ...
Setting up libpng12-dev (1.2.50-1ubuntu2.14.04.3) ...
Setting up libfreetype6-dev (2.5.2-1ubuntu2.8) ...
Setting up pkg-config (0.26-1ubuntu4) ...
Setting up libfontconfig1-dev (2.11.0-0ubuntu4.2) ...
Setting up libfontenc-dev:amd64 (1:1.1.2-1) ...
Setting up x11proto-fonts-dev (2.1.3-1~ubuntu2) ...
Setting up libfs-dev:amd64 (2:1.0.5-1) ...
Setting up libprotobuf-lite8:amd64 (2.5.0-9ubuntu1) ...
Setting up libprotobuf-dev:amd64 (2.5.0-9ubuntu1) ...
Setting up libmirprotobuf-dev:amd64 (0.1.8+14.04.20140411-0ubuntu1) ...
Setting up mircommon-dev:amd64 (0.1.8+14.04.20140411-0ubuntu1) ...
Setting up libpixman-1-dev (0.30.2-2ubuntu1.2) ...
Setting up libx11-xcb-dev:amd64 (2:1.6.2-1ubuntu2.1) ...
Setting up x11proto-xext-dev (7.3.0-1) ...
Setting up libxext-dev:amd64 (2:1.3.2-1ubuntu0.0.14.04.1) ...
Setting up libxmu-headers (2:1.1.1-1) ...
Setting up libxpm-dev:amd64 (1:3.5.10-1ubuntu0.1) ...
Setting up libxcb-dri2-0-dev:amd64 (1.10-2ubuntu1) ...
Setting up libxcb-dri3-dev:amd64 (1.10-2ubuntu1) ...
Setting up libxcb-glx0-dev:amd64 (1.10-2ubuntu1) ...
Setting up libxcb-render0-dev:amd64 (1.10-2ubuntu1) ...
Setting up libxcb-randr0-dev:amd64 (1.10-2ubuntu1) ...
Setting up libxcb-shape0-dev:amd64 (1.10-2ubuntu1) ...
Setting up libxcb-xfixes0-dev:amd64 (1.10-2ubuntu1) ...
Setting up libxcb-sync-dev:amd64 (1.10-2ubuntu1) ...
Setting up libxcb-present-dev:amd64 (1.10-2ubuntu1) ...
Setting up x11proto-fixes-dev (1:5.0-2ubuntu2) ...
Setting up libxfixes-dev:amd64 (1:5.0.1-1ubuntu1.1) ...
Setting up x11proto-composite-dev (1:0.4.2-2) ...
Setting up libxcomposite-dev (1:0.4.4-1) ...
Setting up x11proto-render-dev (2:0.11.1-2) ...
Setting up libxrender-dev:amd64 (1:0.9.8-1build0.14.04.1) ...
Setting up libxcursor-dev:amd64 (1:1.1.14-1ubuntu0.14.04.2) ...
Setting up x11proto-damage-dev (1:1.2.1-2) ...
Setting up libxdamage-dev:amd64 (1:1.1.4-1ubuntu1) ...
Setting up libxfont-dev (1:1.4.7-1ubuntu0.4) ...
Setting up libxft-dev (2.3.1-2) ...
Setting up libxi-dev (2:1.7.1.901-1ubuntu1.1) ...
Setting up x11proto-xinerama-dev (1.2.1-2) ...
Setting up libxinerama-dev:amd64 (2:1.1.3-1) ...
Setting up libxkbfile-dev:amd64 (1:1.0.8-1) ...
Setting up libxmuu-dev:amd64 (2:1.1.1-1) ...
Setting up x11proto-randr-dev (1.5.0-1~trusty2) ...
Setting up libxrandr-dev:amd64 (2:1.5.0-1~trusty1) ...
Setting up x11proto-resource-dev (1.2.0-3) ...
Setting up libxres-dev (2:1.0.7-1) ...
Setting up libxshmfence-dev:amd64 (1.1-2) ...
Setting up x11proto-scrnsaver-dev (1.2.2-1) ...
Setting up x11proto-record-dev (1.14.2-1) ...
Setting up x11proto-video-dev (2.3.2-1) ...
Setting up libxv-dev:amd64 (2:1.0.10-1) ...
Setting up x11proto-xf86dga-dev (2.1-3) ...
Setting up libxxf86dga-dev:amd64 (2:1.1.4-1) ...
Setting up x11proto-xf86vidmode-dev (2.3.1-2) ...
Setting up libxxf86vm-dev:amd64 (1:1.1.3-1) ...
Setting up mesa-common-dev (10.1.3-0ubuntu0.6) ...
Setting up x11proto-bigreqs-dev (1:1.1.2-1) ...
Setting up x11proto-dri2-dev (2.8-2) ...
Setting up x11proto-dri3-dev (1.0-1) ...
Setting up x11proto-gl-dev (1.4.17-1) ...
Setting up x11proto-present-dev (1.0-1) ...
Setting up x11proto-xcmisc-dev (1.2.2-1) ...
Setting up x11proto-xf86bigfont-dev (1.2.0-3) ...
Setting up x11proto-xf86dri-dev (2.1.1-2) ...
Setting up libpciaccess-dev:amd64 (0.13.2-1) ...
Setting up libgl1-mesa-dev (10.1.3-0ubuntu0.6) ...
Processing triggers for ureadahead (0.100.0-16) ...
Setting up libxss1:amd64 (1:1.2.2-1) ...
Setting up libxtst6:amd64 (2:1.2.2-1) ...
Setting up libxvmc1:amd64 (2:1.0.8-1ubuntu1) ...
Setting up libxss-dev:amd64 (1:1.2.2-1) ...
Setting up libxtst-dev:amd64 (2:1.2.2-1) ...
Setting up libxvmc-dev:amd64 (2:1.0.8-1ubuntu1) ...
Setting up libice6:amd64 (2:1.0.8-2) ...
Setting up libsm6:amd64 (2:1.2.1-2) ...
Setting up libxt6:amd64 (1:1.1.4-1) ...
Setting up libxmu6:amd64 (2:1.1.1-1) ...
Setting up libxaw7:amd64 (2:1.0.12-1) ...
Setting up libice-dev:amd64 (2:1.0.8-2) ...
Setting up libsm-dev:amd64 (2:1.2.1-2) ...
Setting up libxt-dev:amd64 (1:1.1.4-1) ...
Setting up libxmu-dev:amd64 (2:1.1.1-1) ...
Setting up libxaw7-dev:amd64 (2:1.0.12-1) ...
Setting up libmirclient7:amd64 (0.1.8+14.04.20140411-0ubuntu1) ...
Setting up libmirclient-dev:amd64 (0.1.8+14.04.20140411-0ubuntu1) ...
Setting up xserver-xorg-dev (2:1.15.1-0ubuntu2.11) ...
Setting up xorg-dev (1:7.7+1ubuntu8.1) ...
Setting up libmirclientplatform-mesa:amd64 (0.1.8+14.04.20140411-0ubuntu1) ...
update-alternatives: using /usr/lib/x86_64-linux-gnu/mir/clientplatform/mesa/ld.so.conf to provide /etc/ld.so.conf.d/x86_64-linux-gnu_mirclientplatform.conf (x86_64-linux-gnu_mirclientplatform_conf) in auto mode
Processing triggers for libc-bin (2.19-0ubuntu6.15) ...
ldd (Ubuntu EGLIBC 2.19-0ubuntu6.15) 2.19
go version go1.21.13 linux/amd64
# github.com/hajimehoshi/ebiten/v2/internal/cglfw
x11_init_linbsd.c: In function 'createKeyTables':
x11_init_linbsd.c:353:13: error: 'for' loop initial declarations are only allowed in C99 mode
             for (int i = 0;  i < sizeof(keymap) / sizeof(keymap[0]);  i++)
             ^
x11_init_linbsd.c:353:13: note: use option -std=c99 or -std=gnu99 to compile your code
x11_init_linbsd.c:365:22: error: redefinition of 'i'
             for (int i = 0;  i < desc->names->num_key_aliases;  i++)
                      ^
x11_init_linbsd.c:353:22: note: previous definition of 'i' was here
             for (int i = 0;  i < sizeof(keymap) / sizeof(keymap[0]);  i++)
                      ^
x11_init_linbsd.c:365:13: error: 'for' loop initial declarations are only allowed in C99 mode
             for (int i = 0;  i < desc->names->num_key_aliases;  i++)
             ^
x11_init_linbsd.c:377:17: error: 'for' loop initial declarations are only allowed in C99 mode
                 for (int j = 0;  j < sizeof(keymap) / sizeof(keymap[0]);  j++)
                 ^
x11_init_linbsd.c: In function 'hasUsableInputMethodStyle':
x11_init_linbsd.c:432:5: error: 'for' loop initial declarations are only allowed in C99 mode
     for (unsigned int i = 0;  i < styles->count_styles;  i++)
     ^
x11_init_linbsd.c: In function 'getAtomIfSupported':
x11_init_linbsd.c:453:5: error: 'for' loop initial declarations are only allowed in C99 mode
     for (unsigned long i = 0;  i < atomCount;  i++)
     ^
x11_init_linbsd.c: In function 'createEmptyEventPipe':
x11_init_linbsd.c:1006:5: error: 'for' loop initial declarations are only allowed in C99 mode
     for (int i = 0; i < 2; i++)
     ^
